﻿
> client@0.0.0 build
> vite build

[36mvite v8.0.9 [32mbuilding client environment for production...[36m[39m
[2K
transforming...Γ£ô 2197 modules transformed.
node.exe : [31mΓ£ù[39m Build failed in 1.04s
At line:1 char:1
+ & "C:\Program Files\nodejs/node.exe" "C:\Program Files\nodejs/node_mo ...
+ ~~~~~~~~~~~~~~~~~~~~~~~~~~~~~~~~~~~~~~~~~~~~~~~~~~~~~~~~~~~~~~~~~~~~~
    + CategoryInfo          : NotSpecified: ([31mΓ£ù[39m Build failed in 1.04s:String) [], RemoteException
    + FullyQualifiedErrorId : NativeCommandError
 
[31merror during build:
[31mBuild failed with 1 error:

[plugin vite:css-post]
SyntaxError: [lightningcss minify] No qualified name in attribute selector: Dimension { has_sign: false, value: 80.0, 
int_value: Some(80), unit: "px" }.
300 |  .text-4xl { font-size: 2.25rem; }
301 |  
302 |  .text-[80px] { font-size: 80px; }
    |         ^
303 |  
304 |  .text-[60px] { font-size: 60px; }
    at Module.<anonymous> (C:\Users\pt394\Desktop\Chatbot\client\node_modules\lightningcss\node\index.js:56:14)
    at minifyCSS (file:///C:/Users/pt394/Desktop/Chatbot/client/node_modules/vite/dist/node/chunks/node.js:21281:59)
    at async finalizeCss 
(file:///C:/Users/pt394/Desktop/Chatbot/client/node_modules/vite/dist/node/chunks/node.js:21127:36)
    at async Promise.all (index 1)
    at async Object.run 
(file:///C:/Users/pt394/Desktop/Chatbot/client/node_modules/vite/dist/node/chunks/node.js:2435:22)
    at async PluginContextImpl.renderChunk 
(file:///C:/Users/pt394/Desktop/Chatbot/client/node_modules/vite/dist/node/chunks/node.js:20663:19)
    at async plugin (file:///C:/Users/pt394/Desktop/Chatbot/client/node_modules/rolldown/dist/shared/bindingify-input-o
ptions-aPVaxNxQ.mjs:1277:16)
    at async plugin.<computed> (file:///C:/Users/pt394/Desktop/Chatbot/client/node_modules/rolldown/dist/shared/binding
ify-input-options-aPVaxNxQ.mjs:1612:12)[31m
    at aggregateBindingErrorsIntoJsError 
(file:///C:/Users/pt394/Desktop/Chatbot/client/node_modules/rolldown/dist/shared/error-DAA7ncC5.mjs:48:18)
    at unwrapBindingResult 
(file:///C:/Users/pt394/Desktop/Chatbot/client/node_modules/rolldown/dist/shared/error-DAA7ncC5.mjs:18:128)
    at #build 
(file:///C:/Users/pt394/Desktop/Chatbot/client/node_modules/rolldown/dist/shared/rolldown-build-BPKCFYpX.mjs:3317:34)
    at async buildEnvironment 
(file:///C:/Users/pt394/Desktop/Chatbot/client/node_modules/vite/dist/node/chunks/node.js:32999:64)
    at async Object.build 
(file:///C:/Users/pt394/Desktop/Chatbot/client/node_modules/vite/dist/node/chunks/node.js:33421:19)
    at async Object.buildApp 
(file:///C:/Users/pt394/Desktop/Chatbot/client/node_modules/vite/dist/node/chunks/node.js:33418:153)
    at async CAC.<anonymous> (file:///C:/Users/pt394/Desktop/Chatbot/client/node_modules/vite/dist/node/cli.js:778:3) {
  errors: [Getter/Setter]
}[39m
